[2024-03-17T09:56:50.741+0000][0.022s] Using G1
[2024-03-17T09:56:50.808+0000][0.089s] Version: 17.0.10+7 (release)
[2024-03-17T09:56:50.808+0000][0.089s] CPUs: 12 total, 12 available
[2024-03-17T09:56:50.809+0000][0.090s] Memory: 7627M
[2024-03-17T09:56:50.809+0000][0.090s] Large Page Support: Disabled
[2024-03-17T09:56:50.809+0000][0.090s] NUMA Support: Disabled
[2024-03-17T09:56:50.809+0000][0.090s] Compressed Oops: Enabled (32-bit)
[2024-03-17T09:56:50.810+0000][0.090s] Heap Region Size: 1M
[2024-03-17T09:56:50.810+0000][0.091s] Heap Min Capacity: 512M
[2024-03-17T09:56:50.810+0000][0.091s] Heap Initial Capacity: 512M
[2024-03-17T09:56:50.811+0000][0.092s] Heap Max Capacity: 512M
[2024-03-17T09:56:50.811+0000][0.092s] Pre-touch: Enabled
[2024-03-17T09:56:50.811+0000][0.092s] Parallel Workers: 10
[2024-03-17T09:56:50.811+0000][0.092s] Concurrent Workers: 3
[2024-03-17T09:56:50.811+0000][0.092s] Concurrent Refinement Workers: 10
[2024-03-17T09:56:50.812+0000][0.093s] Periodic GC: Disabled
[2024-03-17T09:56:50.818+0000][0.099s] CDS archive(s) mapped at: [0x00007f37a7000000-0x00007f37a7a5f000-0x00007f37a7a5f000), size 10874880, SharedBaseAddress: 0x00007f37a7000000, ArchiveRelocationMode: 1.
[2024-03-17T09:56:50.818+0000][0.099s] Compressed class space mapped at: 0x00007f37a8000000-0x00007f37e8000000, reserved size: 1073741824
[2024-03-17T09:56:50.819+0000][0.100s] Narrow klass base: 0x00007f37a7000000, Narrow klass shift: 0, Narrow klass range: 0x100000000
[2024-03-17T09:56:51.964+0000][1.245s] GC(0) Pause Young (Normal) (G1 Evacuation Pause)
[2024-03-17T09:56:51.965+0000][1.246s] GC(0) Using 10 workers of 10 for evacuation
[2024-03-17T09:56:51.970+0000][1.251s] GC(0)   Pre Evacuate Collection Set: 0.3ms
[2024-03-17T09:56:51.970+0000][1.251s] GC(0)   Merge Heap Roots: 0.3ms
[2024-03-17T09:56:51.971+0000][1.252s] GC(0)   Evacuate Collection Set: 2.9ms
[2024-03-17T09:56:51.971+0000][1.252s] GC(0)   Post Evacuate Collection Set: 1.4ms
[2024-03-17T09:56:51.971+0000][1.252s] GC(0)   Other: 1.3ms
[2024-03-17T09:56:51.971+0000][1.252s] GC(0) Eden regions: 29->0(57)
[2024-03-17T09:56:51.972+0000][1.253s] GC(0) Survivor regions: 0->4(4)
[2024-03-17T09:56:51.972+0000][1.253s] GC(0) Old regions: 0->1
[2024-03-17T09:56:51.972+0000][1.253s] GC(0) Archive regions: 2->2
[2024-03-17T09:56:51.972+0000][1.253s] GC(0) Humongous regions: 4->4
[2024-03-17T09:56:51.973+0000][1.253s] GC(0) Metaspace: 10188K(10432K)->10188K(10432K) NonClass: 8921K(9024K)->8921K(9024K) Class: 1267K(1408K)->1267K(1408K)
[2024-03-17T09:56:51.973+0000][1.254s] GC(0) Pause Young (Normal) (G1 Evacuation Pause) 33M->9M(512M) 8.870ms
[2024-03-17T09:56:51.973+0000][1.254s] GC(0) User=0.02s Sys=0.01s Real=0.01s
[2024-03-17T09:56:52.796+0000][2.077s] GC(1) Pause Young (Normal) (G1 Evacuation Pause)
[2024-03-17T09:56:52.797+0000][2.078s] GC(1) Using 10 workers of 10 for evacuation
[2024-03-17T09:56:52.804+0000][2.085s] GC(1)   Pre Evacuate Collection Set: 0.4ms
[2024-03-17T09:56:52.804+0000][2.085s] GC(1)   Merge Heap Roots: 0.3ms
[2024-03-17T09:56:52.805+0000][2.086s] GC(1)   Evacuate Collection Set: 5.2ms
[2024-03-17T09:56:52.805+0000][2.086s] GC(1)   Post Evacuate Collection Set: 1.1ms
[2024-03-17T09:56:52.805+0000][2.086s] GC(1)   Other: 1.1ms
[2024-03-17T09:56:52.806+0000][2.086s] GC(1) Eden regions: 54->0(64)
[2024-03-17T09:56:52.806+0000][2.087s] GC(1) Survivor regions: 4->8(8)
[2024-03-17T09:56:52.806+0000][2.087s] GC(1) Old regions: 1->9
[2024-03-17T09:56:52.806+0000][2.087s] GC(1) Archive regions: 2->2
[2024-03-17T09:56:52.806+0000][2.087s] GC(1) Humongous regions: 4->4
[2024-03-17T09:56:52.807+0000][2.088s] GC(1) Metaspace: 17913K(18112K)->17913K(18112K) NonClass: 15698K(15808K)->15698K(15808K) Class: 2215K(2304K)->2215K(2304K)
[2024-03-17T09:56:52.807+0000][2.088s] GC(1) Pause Young (Normal) (G1 Evacuation Pause) 63M->21M(512M) 10.821ms
[2024-03-17T09:56:52.807+0000][2.088s] GC(1) User=0.05s Sys=0.01s Real=0.01s
[2024-03-17T09:56:53.215+0000][2.496s] GC(2) Pause Young (Concurrent Start) (Metadata GC Threshold)
[2024-03-17T09:56:53.216+0000][2.497s] GC(2) Using 10 workers of 10 for evacuation
[2024-03-17T09:56:53.222+0000][2.503s] GC(2)   Pre Evacuate Collection Set: 0.3ms
[2024-03-17T09:56:53.222+0000][2.503s] GC(2)   Merge Heap Roots: 0.3ms
[2024-03-17T09:56:53.223+0000][2.504s] GC(2)   Evacuate Collection Set: 3.5ms
[2024-03-17T09:56:53.223+0000][2.504s] GC(2)   Post Evacuate Collection Set: 1.2ms
[2024-03-17T09:56:53.223+0000][2.504s] GC(2)   Other: 1.6ms
[2024-03-17T09:56:53.223+0000][2.504s] GC(2) Eden regions: 31->0(71)
[2024-03-17T09:56:53.224+0000][2.505s] GC(2) Survivor regions: 8->3(9)
[2024-03-17T09:56:53.224+0000][2.505s] GC(2) Old regions: 9->17
[2024-03-17T09:56:53.224+0000][2.505s] GC(2) Archive regions: 2->2
[2024-03-17T09:56:53.224+0000][2.505s] GC(2) Humongous regions: 4->4
[2024-03-17T09:56:53.225+0000][2.506s] GC(2) Metaspace: 21161K(21504K)->21161K(21504K) NonClass: 18545K(18688K)->18545K(18688K) Class: 2616K(2816K)->2616K(2816K)
[2024-03-17T09:56:53.225+0000][2.506s] GC(2) Pause Young (Concurrent Start) (Metadata GC Threshold) 51M->24M(512M) 9.603ms
[2024-03-17T09:56:53.225+0000][2.506s] GC(2) User=0.02s Sys=0.00s Real=0.01s
[2024-03-17T09:56:53.225+0000][2.506s] GC(3) Concurrent Mark Cycle
[2024-03-17T09:56:53.226+0000][2.507s] GC(3) Concurrent Clear Claimed Marks
[2024-03-17T09:56:53.226+0000][2.507s] GC(3) Concurrent Clear Claimed Marks 0.354ms
[2024-03-17T09:56:53.226+0000][2.507s] GC(3) Concurrent Scan Root Regions
[2024-03-17T09:56:53.229+0000][2.510s] GC(3) Concurrent Scan Root Regions 2.345ms
[2024-03-17T09:56:53.229+0000][2.510s] GC(3) Concurrent Mark
[2024-03-17T09:56:53.229+0000][2.510s] GC(3) Concurrent Mark From Roots
[2024-03-17T09:56:53.229+0000][2.510s] GC(3) Using 3 workers of 3 for marking
[2024-03-17T09:56:53.236+0000][2.517s] GC(3) Concurrent Mark From Roots 6.464ms
[2024-03-17T09:56:53.236+0000][2.517s] GC(3) Concurrent Preclean
[2024-03-17T09:56:53.237+0000][2.517s] GC(3) Concurrent Preclean 0.479ms
[2024-03-17T09:56:53.237+0000][2.518s] GC(3) Pause Remark
[2024-03-17T09:56:53.240+0000][2.521s] GC(3) Pause Remark 25M->25M(512M) 3.042ms
[2024-03-17T09:56:53.240+0000][2.521s] GC(3) User=0.01s Sys=0.00s Real=0.00s
[2024-03-17T09:56:53.241+0000][2.522s] GC(3) Concurrent Mark 11.821ms
[2024-03-17T09:56:53.241+0000][2.522s] GC(3) Concurrent Rebuild Remembered Sets
[2024-03-17T09:56:53.241+0000][2.522s] GC(3) Concurrent Rebuild Remembered Sets 0.230ms
[2024-03-17T09:56:53.242+0000][2.523s] GC(3) Pause Cleanup
[2024-03-17T09:56:53.242+0000][2.523s] GC(3) Pause Cleanup 25M->25M(512M) 0.269ms
[2024-03-17T09:56:53.242+0000][2.523s] GC(3) User=0.00s Sys=0.00s Real=0.00s
[2024-03-17T09:56:53.243+0000][2.523s] GC(3) Concurrent Cleanup for Next Mark
[2024-03-17T09:56:53.243+0000][2.524s] GC(3) Concurrent Cleanup for Next Mark 0.785ms
[2024-03-17T09:56:53.244+0000][2.525s] GC(3) Concurrent Mark Cycle 18.409ms
[2024-03-17T09:56:55.193+0000][4.474s] GC(4) Pause Young (Normal) (G1 Evacuation Pause)
[2024-03-17T09:56:55.194+0000][4.475s] GC(4) Using 10 workers of 10 for evacuation
[2024-03-17T09:56:55.199+0000][4.480s] GC(4)   Pre Evacuate Collection Set: 0.3ms
[2024-03-17T09:56:55.199+0000][4.480s] GC(4)   Merge Heap Roots: 0.2ms
[2024-03-17T09:56:55.200+0000][4.481s] GC(4)   Evacuate Collection Set: 2.6ms
[2024-03-17T09:56:55.200+0000][4.481s] GC(4)   Post Evacuate Collection Set: 1.8ms
[2024-03-17T09:56:55.200+0000][4.481s] GC(4)   Other: 0.7ms
[2024-03-17T09:56:55.200+0000][4.481s] GC(4) Eden regions: 71->0(301)
[2024-03-17T09:56:55.200+0000][4.481s] GC(4) Survivor regions: 3->6(10)
[2024-03-17T09:56:55.201+0000][4.481s] GC(4) Old regions: 17->17
[2024-03-17T09:56:55.201+0000][4.482s] GC(4) Archive regions: 2->2
[2024-03-17T09:56:55.201+0000][4.482s] GC(4) Humongous regions: 4->4
[2024-03-17T09:56:55.201+0000][4.482s] GC(4) Metaspace: 32307K(32640K)->32307K(32640K) NonClass: 28305K(28480K)->28305K(28480K) Class: 4002K(4160K)->4002K(4160K)
[2024-03-17T09:56:55.201+0000][4.482s] GC(4) Pause Young (Normal) (G1 Evacuation Pause) 95M->27M(512M) 7.881ms
[2024-03-17T09:56:55.202+0000][4.482s] GC(4) User=0.05s Sys=0.00s Real=0.01s
[2024-03-17T09:56:55.725+0000][5.006s] GC(5) Pause Young (Concurrent Start) (GCLocker Initiated GC)
[2024-03-17T09:56:55.725+0000][5.006s] GC(5) Using 10 workers of 10 for evacuation
[2024-03-17T09:56:55.732+0000][5.013s] GC(5)   Pre Evacuate Collection Set: 0.3ms
[2024-03-17T09:56:55.732+0000][5.013s] GC(5)   Merge Heap Roots: 0.2ms
[2024-03-17T09:56:55.733+0000][5.014s] GC(5)   Evacuate Collection Set: 3.7ms
[2024-03-17T09:56:55.733+0000][5.014s] GC(5)   Post Evacuate Collection Set: 2.1ms
[2024-03-17T09:56:55.733+0000][5.014s] GC(5)   Other: 1.0ms
[2024-03-17T09:56:55.733+0000][5.014s] GC(5) Eden regions: 28->0(200)
[2024-03-17T09:56:55.734+0000][5.015s] GC(5) Survivor regions: 6->9(39)
[2024-03-17T09:56:55.734+0000][5.015s] GC(5) Old regions: 17->17
[2024-03-17T09:56:55.734+0000][5.015s] GC(5) Archive regions: 2->2
[2024-03-17T09:56:55.734+0000][5.015s] GC(5) Humongous regions: 4->4
[2024-03-17T09:56:55.735+0000][5.016s] GC(5) Metaspace: 35776K(36224K)->35776K(36224K) NonClass: 31284K(31488K)->31284K(31488K) Class: 4491K(4736K)->4491K(4736K)
[2024-03-17T09:56:55.735+0000][5.016s] GC(5) Pause Young (Concurrent Start) (GCLocker Initiated GC) 55M->29M(512M) 10.307ms
[2024-03-17T09:56:55.735+0000][5.016s] GC(5) User=0.04s Sys=0.01s Real=0.02s
[2024-03-17T09:56:55.735+0000][5.016s] GC(6) Concurrent Mark Cycle
[2024-03-17T09:56:55.736+0000][5.017s] GC(6) Concurrent Clear Claimed Marks
[2024-03-17T09:56:55.736+0000][5.017s] GC(6) Concurrent Clear Claimed Marks 0.297ms
[2024-03-17T09:56:55.736+0000][5.017s] GC(6) Concurrent Scan Root Regions
[2024-03-17T09:56:55.739+0000][5.020s] GC(6) Concurrent Scan Root Regions 2.740ms
[2024-03-17T09:56:55.740+0000][5.021s] GC(6) Concurrent Mark
[2024-03-17T09:56:55.740+0000][5.021s] GC(6) Concurrent Mark From Roots
[2024-03-17T09:56:55.740+0000][5.021s] GC(6) Using 3 workers of 3 for marking
[2024-03-17T09:56:55.752+0000][5.033s] GC(6) Concurrent Mark From Roots 11.664ms
[2024-03-17T09:56:55.752+0000][5.033s] GC(6) Concurrent Preclean
[2024-03-17T09:56:55.753+0000][5.034s] GC(6) Concurrent Preclean 0.591ms
[2024-03-17T09:56:55.753+0000][5.034s] GC(6) Pause Remark
[2024-03-17T09:56:55.756+0000][5.037s] GC(6) Pause Remark 31M->31M(512M) 3.071ms
[2024-03-17T09:56:55.757+0000][5.037s] GC(6) User=0.02s Sys=0.00s Real=0.01s
[2024-03-17T09:56:55.757+0000][5.038s] GC(6) Concurrent Mark 17.550ms
[2024-03-17T09:56:55.758+0000][5.039s] GC(6) Concurrent Rebuild Remembered Sets
[2024-03-17T09:56:55.763+0000][5.044s] GC(6) Concurrent Rebuild Remembered Sets 5.141ms
[2024-03-17T09:56:55.763+0000][5.044s] GC(6) Pause Cleanup
[2024-03-17T09:56:55.764+0000][5.045s] GC(6) Pause Cleanup 32M->32M(512M) 0.713ms
[2024-03-17T09:56:55.764+0000][5.045s] GC(6) User=0.00s Sys=0.00s Real=0.00s
[2024-03-17T09:56:55.765+0000][5.046s] GC(6) Concurrent Cleanup for Next Mark
[2024-03-17T09:56:55.766+0000][5.047s] GC(6) Concurrent Cleanup for Next Mark 1.085ms
[2024-03-17T09:56:55.766+0000][5.047s] GC(6) Concurrent Mark Cycle 30.882ms
[2024-03-17T10:25:24.761+0000][1714.068s] Heap
[2024-03-17T10:25:24.761+0000][1714.069s]  garbage-first heap   total 524288K, used 209304K [0x00000000e0000000, 0x0000000100000000)
[2024-03-17T10:25:24.762+0000][1714.069s]   region size 1024K, 184 young (188416K), 9 survivors (9216K)
[2024-03-17T10:25:24.762+0000][1714.069s]  Metaspace       used 53058K, committed 53568K, reserved 1114112K
[2024-03-17T10:25:24.763+0000][1714.070s]   class space    used 6829K, committed 7104K, reserved 1048576K
