[2024-03-17T15:29:51.642+0000][0.049s] Using G1
[2024-03-17T15:29:51.739+0000][0.146s] Version: 17.0.10+7 (release)
[2024-03-17T15:29:51.740+0000][0.147s] CPUs: 12 total, 12 available
[2024-03-17T15:29:51.740+0000][0.147s] Memory: 7627M
[2024-03-17T15:29:51.741+0000][0.148s] Large Page Support: Disabled
[2024-03-17T15:29:51.741+0000][0.148s] NUMA Support: Disabled
[2024-03-17T15:29:51.742+0000][0.149s] Compressed Oops: Enabled (32-bit)
[2024-03-17T15:29:51.742+0000][0.149s] Heap Region Size: 1M
[2024-03-17T15:29:51.743+0000][0.150s] Heap Min Capacity: 512M
[2024-03-17T15:29:51.743+0000][0.150s] Heap Initial Capacity: 512M
[2024-03-17T15:29:51.745+0000][0.152s] Heap Max Capacity: 512M
[2024-03-17T15:29:51.745+0000][0.152s] Pre-touch: Enabled
[2024-03-17T15:29:51.745+0000][0.152s] Parallel Workers: 10
[2024-03-17T15:29:51.746+0000][0.153s] Concurrent Workers: 3
[2024-03-17T15:29:51.746+0000][0.153s] Concurrent Refinement Workers: 10
[2024-03-17T15:29:51.747+0000][0.154s] Periodic GC: Disabled
[2024-03-17T15:29:51.756+0000][0.163s] CDS archive(s) mapped at: [0x00007f318f000000-0x00007f318fa5f000-0x00007f318fa5f000), size 10874880, SharedBaseAddress: 0x00007f318f000000, ArchiveRelocationMode: 1.
[2024-03-17T15:29:51.757+0000][0.164s] Compressed class space mapped at: 0x00007f3190000000-0x00007f31d0000000, reserved size: 1073741824
[2024-03-17T15:29:51.757+0000][0.164s] Narrow klass base: 0x00007f318f000000, Narrow klass shift: 0, Narrow klass range: 0x100000000
[2024-03-17T15:29:54.153+0000][2.560s] GC(0) Pause Young (Normal) (G1 Evacuation Pause)
[2024-03-17T15:29:54.154+0000][2.561s] GC(0) Using 10 workers of 10 for evacuation
[2024-03-17T15:29:54.162+0000][2.569s] GC(0)   Pre Evacuate Collection Set: 0.5ms
[2024-03-17T15:29:54.163+0000][2.570s] GC(0)   Merge Heap Roots: 0.4ms
[2024-03-17T15:29:54.164+0000][2.571s] GC(0)   Evacuate Collection Set: 5.5ms
[2024-03-17T15:29:54.164+0000][2.571s] GC(0)   Post Evacuate Collection Set: 1.3ms
[2024-03-17T15:29:54.165+0000][2.572s] GC(0)   Other: 1.8ms
[2024-03-17T15:29:54.165+0000][2.572s] GC(0) Eden regions: 29->0(56)
[2024-03-17T15:29:54.166+0000][2.573s] GC(0) Survivor regions: 0->4(4)
[2024-03-17T15:29:54.167+0000][2.574s] GC(0) Old regions: 0->1
[2024-03-17T15:29:54.167+0000][2.574s] GC(0) Archive regions: 2->2
[2024-03-17T15:29:54.168+0000][2.575s] GC(0) Humongous regions: 0->0
[2024-03-17T15:29:54.168+0000][2.575s] GC(0) Metaspace: 9987K(10240K)->9987K(10240K) NonClass: 8745K(8832K)->8745K(8832K) Class: 1242K(1408K)->1242K(1408K)
[2024-03-17T15:29:54.169+0000][2.576s] GC(0) Pause Young (Normal) (G1 Evacuation Pause) 29M->5M(512M) 15.792ms
[2024-03-17T15:29:54.169+0000][2.576s] GC(0) User=0.07s Sys=0.00s Real=0.02s
[2024-03-17T15:29:55.650+0000][4.057s] GC(1) Pause Young (Normal) (G1 Evacuation Pause)
[2024-03-17T15:29:55.651+0000][4.058s] GC(1) Using 10 workers of 10 for evacuation
[2024-03-17T15:29:55.664+0000][4.071s] GC(1)   Pre Evacuate Collection Set: 0.4ms
[2024-03-17T15:29:55.664+0000][4.071s] GC(1)   Merge Heap Roots: 0.3ms
[2024-03-17T15:29:55.665+0000][4.072s] GC(1)   Evacuate Collection Set: 10.3ms
[2024-03-17T15:29:55.665+0000][4.072s] GC(1)   Post Evacuate Collection Set: 1.8ms
[2024-03-17T15:29:55.665+0000][4.072s] GC(1)   Other: 0.8ms
[2024-03-17T15:29:55.666+0000][4.073s] GC(1) Eden regions: 56->0(64)
[2024-03-17T15:29:55.666+0000][4.073s] GC(1) Survivor regions: 4->8(8)
[2024-03-17T15:29:55.666+0000][4.073s] GC(1) Old regions: 1->9
[2024-03-17T15:29:55.667+0000][4.074s] GC(1) Archive regions: 2->2
[2024-03-17T15:29:55.667+0000][4.074s] GC(1) Humongous regions: 4->4
[2024-03-17T15:29:55.667+0000][4.074s] GC(1) Metaspace: 17942K(18176K)->17942K(18176K) NonClass: 15727K(15872K)->15727K(15872K) Class: 2215K(2304K)->2215K(2304K)
[2024-03-17T15:29:55.668+0000][4.075s] GC(1) Pause Young (Normal) (G1 Evacuation Pause) 65M->21M(512M) 17.406ms
[2024-03-17T15:29:55.668+0000][4.075s] GC(1) User=0.12s Sys=0.01s Real=0.02s
[2024-03-17T15:29:56.323+0000][4.729s] GC(2) Pause Young (Concurrent Start) (Metadata GC Threshold)
[2024-03-17T15:29:56.323+0000][4.730s] GC(2) Using 10 workers of 10 for evacuation
[2024-03-17T15:29:56.331+0000][4.738s] GC(2)   Pre Evacuate Collection Set: 0.4ms
[2024-03-17T15:29:56.331+0000][4.738s] GC(2)   Merge Heap Roots: 0.4ms
[2024-03-17T15:29:56.331+0000][4.738s] GC(2)   Evacuate Collection Set: 4.0ms
[2024-03-17T15:29:56.331+0000][4.738s] GC(2)   Post Evacuate Collection Set: 1.5ms
[2024-03-17T15:29:56.332+0000][4.739s] GC(2)   Other: 1.9ms
[2024-03-17T15:29:56.332+0000][4.739s] GC(2) Eden regions: 30->0(80)
[2024-03-17T15:29:56.332+0000][4.739s] GC(2) Survivor regions: 8->2(9)
[2024-03-17T15:29:56.332+0000][4.739s] GC(2) Old regions: 9->18
[2024-03-17T15:29:56.333+0000][4.740s] GC(2) Archive regions: 2->2
[2024-03-17T15:29:56.333+0000][4.740s] GC(2) Humongous regions: 4->4
[2024-03-17T15:29:56.333+0000][4.740s] GC(2) Metaspace: 21179K(21504K)->21179K(21504K) NonClass: 18562K(18688K)->18562K(18688K) Class: 2616K(2816K)->2616K(2816K)
[2024-03-17T15:29:56.334+0000][4.741s] GC(2) Pause Young (Concurrent Start) (Metadata GC Threshold) 51M->24M(512M) 11.194ms
[2024-03-17T15:29:56.334+0000][4.741s] GC(2) User=0.05s Sys=0.00s Real=0.01s
[2024-03-17T15:29:56.334+0000][4.741s] GC(3) Concurrent Mark Cycle
[2024-03-17T15:29:56.335+0000][4.742s] GC(3) Concurrent Clear Claimed Marks
[2024-03-17T15:29:56.335+0000][4.742s] GC(3) Concurrent Clear Claimed Marks 0.580ms
[2024-03-17T15:29:56.336+0000][4.743s] GC(3) Concurrent Scan Root Regions
[2024-03-17T15:29:56.339+0000][4.746s] GC(3) Concurrent Scan Root Regions 3.161ms
[2024-03-17T15:29:56.339+0000][4.746s] GC(3) Concurrent Mark
[2024-03-17T15:29:56.340+0000][4.747s] GC(3) Concurrent Mark From Roots
[2024-03-17T15:29:56.340+0000][4.747s] GC(3) Using 3 workers of 3 for marking
[2024-03-17T15:29:56.348+0000][4.755s] GC(3) Concurrent Mark From Roots 7.762ms
[2024-03-17T15:29:56.348+0000][4.755s] GC(3) Concurrent Preclean
[2024-03-17T15:29:56.349+0000][4.756s] GC(3) Concurrent Preclean 0.598ms
[2024-03-17T15:29:56.349+0000][4.756s] GC(3) Pause Remark
[2024-03-17T15:29:56.354+0000][4.761s] GC(3) Pause Remark 25M->25M(512M) 4.593ms
[2024-03-17T15:29:56.354+0000][4.761s] GC(3) User=0.02s Sys=0.00s Real=0.00s
[2024-03-17T15:29:56.355+0000][4.762s] GC(3) Concurrent Mark 15.598ms
[2024-03-17T15:29:56.356+0000][4.763s] GC(3) Concurrent Rebuild Remembered Sets
[2024-03-17T15:29:56.361+0000][4.768s] GC(3) Concurrent Rebuild Remembered Sets 5.153ms
[2024-03-17T15:29:56.361+0000][4.768s] GC(3) Pause Cleanup
[2024-03-17T15:29:56.362+0000][4.769s] GC(3) Pause Cleanup 25M->25M(512M) 0.912ms
[2024-03-17T15:29:56.363+0000][4.770s] GC(3) User=0.00s Sys=0.00s Real=0.00s
[2024-03-17T15:29:56.363+0000][4.770s] GC(3) Concurrent Cleanup for Next Mark
[2024-03-17T15:29:56.368+0000][4.775s] GC(3) Concurrent Cleanup for Next Mark 4.630ms
[2024-03-17T15:29:56.369+0000][4.776s] GC(3) Concurrent Mark Cycle 34.295ms
[2024-03-17T15:29:58.381+0000][6.788s] GC(4) Pause Young (Prepare Mixed) (G1 Evacuation Pause)
[2024-03-17T15:29:58.382+0000][6.789s] GC(4) Using 10 workers of 10 for evacuation
[2024-03-17T15:29:58.390+0000][6.797s] GC(4)   Pre Evacuate Collection Set: 0.3ms
[2024-03-17T15:29:58.391+0000][6.798s] GC(4)   Merge Heap Roots: 0.3ms
[2024-03-17T15:29:58.391+0000][6.798s] GC(4)   Evacuate Collection Set: 5.0ms
[2024-03-17T15:29:58.392+0000][6.799s] GC(4)   Post Evacuate Collection Set: 2.5ms
[2024-03-17T15:29:58.392+0000][6.799s] GC(4)   Other: 1.0ms
[2024-03-17T15:29:58.393+0000][6.800s] GC(4) Eden regions: 80->0(18)
[2024-03-17T15:29:58.393+0000][6.800s] GC(4) Survivor regions: 2->7(11)
[2024-03-17T15:29:58.394+0000][6.801s] GC(4) Old regions: 18->18
[2024-03-17T15:29:58.394+0000][6.801s] GC(4) Archive regions: 2->2
[2024-03-17T15:29:58.394+0000][6.801s] GC(4) Humongous regions: 4->4
[2024-03-17T15:29:58.395+0000][6.802s] GC(4) Metaspace: 34355K(34752K)->34355K(34752K) NonClass: 30050K(30272K)->30050K(30272K) Class: 4304K(4480K)->4304K(4480K)
[2024-03-17T15:29:58.395+0000][6.802s] GC(4) Pause Young (Prepare Mixed) (G1 Evacuation Pause) 104M->29M(512M) 13.959ms
[2024-03-17T15:29:58.395+0000][6.802s] GC(4) User=0.06s Sys=0.01s Real=0.01s
[2024-03-17T15:29:58.907+0000][7.314s] GC(5) Pause Young (Mixed) (Metadata GC Threshold)
[2024-03-17T15:29:58.908+0000][7.315s] GC(5) Using 10 workers of 10 for evacuation
[2024-03-17T15:29:58.914+0000][7.321s] GC(5)   Pre Evacuate Collection Set: 0.4ms
[2024-03-17T15:29:58.915+0000][7.322s] GC(5)   Merge Heap Roots: 0.3ms
[2024-03-17T15:29:58.915+0000][7.322s] GC(5)   Evacuate Collection Set: 3.5ms
[2024-03-17T15:29:58.915+0000][7.322s] GC(5)   Post Evacuate Collection Set: 1.2ms
[2024-03-17T15:29:58.916+0000][7.323s] GC(5)   Other: 1.8ms
[2024-03-17T15:29:58.916+0000][7.323s] GC(5) Eden regions: 16->0(305)
[2024-03-17T15:29:58.916+0000][7.323s] GC(5) Survivor regions: 7->2(4)
[2024-03-17T15:29:58.917+0000][7.324s] GC(5) Old regions: 18->25
[2024-03-17T15:29:58.917+0000][7.324s] GC(5) Archive regions: 2->2
[2024-03-17T15:29:58.917+0000][7.324s] GC(5) Humongous regions: 4->4
[2024-03-17T15:29:58.918+0000][7.325s] GC(5) Metaspace: 35707K(36096K)->35707K(36096K) NonClass: 31225K(31424K)->31225K(31424K) Class: 4481K(4672K)->4481K(4672K)
[2024-03-17T15:29:58.918+0000][7.325s] GC(5) Pause Young (Mixed) (Metadata GC Threshold) 44M->30M(512M) 11.714ms
[2024-03-17T15:29:58.919+0000][7.326s] GC(5) User=0.03s Sys=0.00s Real=0.01s
[2024-03-17T15:29:58.945+0000][7.352s] GC(6) Pause Young (Concurrent Start) (Metadata GC Threshold)
[2024-03-17T15:29:58.946+0000][7.353s] GC(6) Using 10 workers of 10 for evacuation
[2024-03-17T15:29:58.950+0000][7.357s] GC(6)   Pre Evacuate Collection Set: 0.5ms
[2024-03-17T15:29:58.950+0000][7.357s] GC(6)   Merge Heap Roots: 0.3ms
[2024-03-17T15:29:58.950+0000][7.357s] GC(6)   Evacuate Collection Set: 1.6ms
[2024-03-17T15:29:58.951+0000][7.358s] GC(6)   Post Evacuate Collection Set: 1.1ms
[2024-03-17T15:29:58.951+0000][7.358s] GC(6)   Other: 1.0ms
[2024-03-17T15:29:58.951+0000][7.358s] GC(6) Eden regions: 3->0(305)
[2024-03-17T15:29:58.951+0000][7.358s] GC(6) Survivor regions: 2->2(39)
[2024-03-17T15:29:58.952+0000][7.358s] GC(6) Old regions: 25->25
[2024-03-17T15:29:58.952+0000][7.359s] GC(6) Archive regions: 2->2
[2024-03-17T15:29:58.952+0000][7.359s] GC(6) Humongous regions: 4->4
[2024-03-17T15:29:58.952+0000][7.359s] GC(6) Metaspace: 36049K(36416K)->36049K(36416K) NonClass: 31530K(31680K)->31530K(31680K) Class: 4519K(4736K)->4519K(4736K)
[2024-03-17T15:29:58.952+0000][7.359s] GC(6) Pause Young (Concurrent Start) (Metadata GC Threshold) 32M->30M(512M) 7.094ms
[2024-03-17T15:29:58.953+0000][7.360s] GC(6) User=0.01s Sys=0.02s Real=0.01s
[2024-03-17T15:29:58.953+0000][7.360s] GC(7) Concurrent Mark Cycle
[2024-03-17T15:29:58.953+0000][7.360s] GC(7) Concurrent Clear Claimed Marks
[2024-03-17T15:29:58.954+0000][7.361s] GC(7) Concurrent Clear Claimed Marks 0.405ms
[2024-03-17T15:29:58.954+0000][7.361s] GC(7) Concurrent Scan Root Regions
[2024-03-17T15:29:58.956+0000][7.363s] GC(7) Concurrent Scan Root Regions 1.777ms
[2024-03-17T15:29:58.956+0000][7.363s] GC(7) Concurrent Mark
[2024-03-17T15:29:58.957+0000][7.364s] GC(7) Concurrent Mark From Roots
[2024-03-17T15:29:58.957+0000][7.364s] GC(7) Using 3 workers of 3 for marking
[2024-03-17T15:29:58.972+0000][7.379s] GC(7) Concurrent Mark From Roots 15.568ms
[2024-03-17T15:29:58.973+0000][7.380s] GC(7) Concurrent Preclean
[2024-03-17T15:29:58.973+0000][7.380s] GC(7) Concurrent Preclean 0.511ms
[2024-03-17T15:29:58.974+0000][7.381s] GC(7) Pause Remark
[2024-03-17T15:29:58.977+0000][7.384s] GC(7) Pause Remark 32M->32M(512M) 3.288ms
[2024-03-17T15:29:58.978+0000][7.385s] GC(7) User=0.01s Sys=0.01s Real=0.01s
[2024-03-17T15:29:58.978+0000][7.385s] GC(7) Concurrent Mark 21.672ms
[2024-03-17T15:29:58.978+0000][7.385s] GC(7) Concurrent Rebuild Remembered Sets
[2024-03-17T15:29:58.986+0000][7.393s] GC(7) Concurrent Rebuild Remembered Sets 7.847ms
[2024-03-17T15:29:58.987+0000][7.394s] GC(7) Pause Cleanup
[2024-03-17T15:29:58.988+0000][7.395s] GC(7) Pause Cleanup 32M->32M(512M) 0.959ms
[2024-03-17T15:29:58.988+0000][7.395s] GC(7) User=0.00s Sys=0.00s Real=0.00s
[2024-03-17T15:29:58.989+0000][7.396s] GC(7) Concurrent Cleanup for Next Mark
[2024-03-17T15:29:58.994+0000][7.401s] GC(7) Concurrent Cleanup for Next Mark 5.044ms
[2024-03-17T15:29:58.995+0000][7.402s] GC(7) Concurrent Mark Cycle 41.672ms
[2024-03-17T15:30:30.398+0000][38.805s] GC(8) Pause Young (Normal) (G1 Evacuation Pause)
[2024-03-17T15:30:30.398+0000][38.806s] GC(8) Using 10 workers of 10 for evacuation
[2024-03-17T15:30:30.416+0000][38.823s] GC(8)   Pre Evacuate Collection Set: 0.4ms
[2024-03-17T15:30:30.416+0000][38.823s] GC(8)   Merge Heap Roots: 0.3ms
[2024-03-17T15:30:30.416+0000][38.824s] GC(8)   Evacuate Collection Set: 14.1ms
[2024-03-17T15:30:30.417+0000][38.824s] GC(8)   Post Evacuate Collection Set: 1.8ms
[2024-03-17T15:30:30.417+0000][38.824s] GC(8)   Other: 1.1ms
[2024-03-17T15:30:30.417+0000][38.825s] GC(8) Eden regions: 305->0(288)
[2024-03-17T15:30:30.418+0000][38.825s] GC(8) Survivor regions: 2->19(39)
[2024-03-17T15:30:30.418+0000][38.825s] GC(8) Old regions: 25->25
[2024-03-17T15:30:30.418+0000][38.826s] GC(8) Archive regions: 2->2
[2024-03-17T15:30:30.419+0000][38.826s] GC(8) Humongous regions: 4->4
[2024-03-17T15:30:30.419+0000][38.826s] GC(8) Metaspace: 53340K(53824K)->53340K(53824K) NonClass: 46428K(46656K)->46428K(46656K) Class: 6912K(7168K)->6912K(7168K)
[2024-03-17T15:30:30.419+0000][38.827s] GC(8) Pause Young (Normal) (G1 Evacuation Pause) 335M->47M(512M) 21.295ms
[2024-03-17T15:30:30.420+0000][38.827s] GC(8) User=0.12s Sys=0.02s Real=0.02s
