[2024-03-17T15:07:32.224+0000][0.042s] Using G1
[2024-03-17T15:07:32.381+0000][0.199s] Version: 17.0.10+7 (release)
[2024-03-17T15:07:32.382+0000][0.199s] CPUs: 12 total, 12 available
[2024-03-17T15:07:32.382+0000][0.199s] Memory: 7627M
[2024-03-17T15:07:32.382+0000][0.200s] Large Page Support: Disabled
[2024-03-17T15:07:32.383+0000][0.200s] NUMA Support: Disabled
[2024-03-17T15:07:32.383+0000][0.200s] Compressed Oops: Enabled (32-bit)
[2024-03-17T15:07:32.383+0000][0.201s] Heap Region Size: 1M
[2024-03-17T15:07:32.383+0000][0.201s] Heap Min Capacity: 512M
[2024-03-17T15:07:32.384+0000][0.201s] Heap Initial Capacity: 512M
[2024-03-17T15:07:32.384+0000][0.202s] Heap Max Capacity: 512M
[2024-03-17T15:07:32.385+0000][0.202s] Pre-touch: Enabled
[2024-03-17T15:07:32.385+0000][0.202s] Parallel Workers: 10
[2024-03-17T15:07:32.385+0000][0.202s] Concurrent Workers: 3
[2024-03-17T15:07:32.385+0000][0.203s] Concurrent Refinement Workers: 10
[2024-03-17T15:07:32.385+0000][0.203s] Periodic GC: Disabled
[2024-03-17T15:07:32.456+0000][0.273s] CDS archive(s) mapped at: [0x00007f8153000000-0x00007f8153a5f000-0x00007f8153a5f000), size 10874880, SharedBaseAddress: 0x00007f8153000000, ArchiveRelocationMode: 1.
[2024-03-17T15:07:32.457+0000][0.274s] Compressed class space mapped at: 0x00007f8154000000-0x00007f8194000000, reserved size: 1073741824
[2024-03-17T15:07:32.457+0000][0.275s] Narrow klass base: 0x00007f8153000000, Narrow klass shift: 0, Narrow klass range: 0x100000000
[2024-03-17T15:07:34.208+0000][2.026s] GC(0) Pause Young (Normal) (G1 Evacuation Pause)
[2024-03-17T15:07:34.209+0000][2.026s] GC(0) Using 10 workers of 10 for evacuation
[2024-03-17T15:07:34.219+0000][2.036s] GC(0)   Pre Evacuate Collection Set: 0.4ms
[2024-03-17T15:07:34.219+0000][2.037s] GC(0)   Merge Heap Roots: 0.7ms
[2024-03-17T15:07:34.220+0000][2.037s] GC(0)   Evacuate Collection Set: 5.0ms
[2024-03-17T15:07:34.220+0000][2.038s] GC(0)   Post Evacuate Collection Set: 2.1ms
[2024-03-17T15:07:34.221+0000][2.038s] GC(0)   Other: 2.9ms
[2024-03-17T15:07:34.221+0000][2.038s] GC(0) Eden regions: 29->0(56)
[2024-03-17T15:07:34.222+0000][2.039s] GC(0) Survivor regions: 0->4(4)
[2024-03-17T15:07:34.222+0000][2.040s] GC(0) Old regions: 0->1
[2024-03-17T15:07:34.223+0000][2.040s] GC(0) Archive regions: 2->2
[2024-03-17T15:07:34.223+0000][2.041s] GC(0) Humongous regions: 0->0
[2024-03-17T15:07:34.224+0000][2.041s] GC(0) Metaspace: 10020K(10304K)->10020K(10304K) NonClass: 8766K(8896K)->8766K(8896K) Class: 1253K(1408K)->1253K(1408K)
[2024-03-17T15:07:34.225+0000][2.042s] GC(0) Pause Young (Normal) (G1 Evacuation Pause) 29M->5M(512M) 16.468ms
[2024-03-17T15:07:34.225+0000][2.043s] GC(0) User=0.08s Sys=0.00s Real=0.02s
[2024-03-17T15:07:35.378+0000][3.196s] GC(1) Pause Young (Normal) (G1 Evacuation Pause)
[2024-03-17T15:07:35.379+0000][3.196s] GC(1) Using 10 workers of 10 for evacuation
[2024-03-17T15:07:35.387+0000][3.204s] GC(1)   Pre Evacuate Collection Set: 0.4ms
[2024-03-17T15:07:35.387+0000][3.205s] GC(1)   Merge Heap Roots: 0.2ms
[2024-03-17T15:07:35.388+0000][3.205s] GC(1)   Evacuate Collection Set: 5.5ms
[2024-03-17T15:07:35.388+0000][3.206s] GC(1)   Post Evacuate Collection Set: 1.3ms
[2024-03-17T15:07:35.389+0000][3.206s] GC(1)   Other: 1.0ms
[2024-03-17T15:07:35.389+0000][3.206s] GC(1) Eden regions: 56->0(65)
[2024-03-17T15:07:35.389+0000][3.207s] GC(1) Survivor regions: 4->8(8)
[2024-03-17T15:07:35.390+0000][3.207s] GC(1) Old regions: 1->10
[2024-03-17T15:07:35.390+0000][3.208s] GC(1) Archive regions: 2->2
[2024-03-17T15:07:35.391+0000][3.208s] GC(1) Humongous regions: 4->4
[2024-03-17T15:07:35.391+0000][3.208s] GC(1) Metaspace: 17906K(18112K)->17906K(18112K) NonClass: 15691K(15808K)->15691K(15808K) Class: 2215K(2304K)->2215K(2304K)
[2024-03-17T15:07:35.391+0000][3.209s] GC(1) Pause Young (Normal) (G1 Evacuation Pause) 65M->22M(512M) 12.724ms
[2024-03-17T15:07:35.392+0000][3.209s] GC(1) User=0.07s Sys=0.00s Real=0.01s
[2024-03-17T15:07:35.949+0000][3.766s] GC(2) Pause Young (Concurrent Start) (Metadata GC Threshold)
[2024-03-17T15:07:35.949+0000][3.767s] GC(2) Using 10 workers of 10 for evacuation
[2024-03-17T15:07:35.958+0000][3.776s] GC(2)   Pre Evacuate Collection Set: 0.5ms
[2024-03-17T15:07:35.959+0000][3.776s] GC(2)   Merge Heap Roots: 0.2ms
[2024-03-17T15:07:35.959+0000][3.776s] GC(2)   Evacuate Collection Set: 4.2ms
[2024-03-17T15:07:35.959+0000][3.777s] GC(2)   Post Evacuate Collection Set: 1.9ms
[2024-03-17T15:07:35.960+0000][3.777s] GC(2)   Other: 2.6ms
[2024-03-17T15:07:35.960+0000][3.778s] GC(2) Eden regions: 30->0(75)
[2024-03-17T15:07:35.960+0000][3.778s] GC(2) Survivor regions: 8->2(9)
[2024-03-17T15:07:35.961+0000][3.778s] GC(2) Old regions: 10->18
[2024-03-17T15:07:35.961+0000][3.778s] GC(2) Archive regions: 2->2
[2024-03-17T15:07:35.961+0000][3.779s] GC(2) Humongous regions: 4->4
[2024-03-17T15:07:35.962+0000][3.779s] GC(2) Metaspace: 21146K(21504K)->21146K(21504K) NonClass: 18528K(18688K)->18528K(18688K) Class: 2618K(2816K)->2618K(2816K)
[2024-03-17T15:07:35.962+0000][3.779s] GC(2) Pause Young (Concurrent Start) (Metadata GC Threshold) 52M->24M(512M) 12.958ms
[2024-03-17T15:07:35.962+0000][3.780s] GC(2) User=0.04s Sys=0.00s Real=0.01s
[2024-03-17T15:07:35.962+0000][3.780s] GC(3) Concurrent Mark Cycle
[2024-03-17T15:07:35.963+0000][3.780s] GC(3) Concurrent Clear Claimed Marks
[2024-03-17T15:07:35.963+0000][3.781s] GC(3) Concurrent Clear Claimed Marks 0.430ms
[2024-03-17T15:07:35.964+0000][3.781s] GC(3) Concurrent Scan Root Regions
[2024-03-17T15:07:35.966+0000][3.784s] GC(3) Concurrent Scan Root Regions 2.931ms
[2024-03-17T15:07:35.967+0000][3.784s] GC(3) Concurrent Mark
[2024-03-17T15:07:35.967+0000][3.785s] GC(3) Concurrent Mark From Roots
[2024-03-17T15:07:35.967+0000][3.785s] GC(3) Using 3 workers of 3 for marking
[2024-03-17T15:07:35.976+0000][3.793s] GC(3) Concurrent Mark From Roots 8.550ms
[2024-03-17T15:07:35.976+0000][3.794s] GC(3) Concurrent Preclean
[2024-03-17T15:07:35.977+0000][3.794s] GC(3) Concurrent Preclean 0.482ms
[2024-03-17T15:07:35.977+0000][3.795s] GC(3) Pause Remark
[2024-03-17T15:07:35.981+0000][3.798s] GC(3) Pause Remark 25M->25M(512M) 3.153ms
[2024-03-17T15:07:35.981+0000][3.798s] GC(3) User=0.00s Sys=0.00s Real=0.00s
[2024-03-17T15:07:35.981+0000][3.799s] GC(3) Concurrent Mark 14.331ms
[2024-03-17T15:07:35.981+0000][3.799s] GC(3) Concurrent Rebuild Remembered Sets
[2024-03-17T15:07:35.986+0000][3.803s] GC(3) Concurrent Rebuild Remembered Sets 4.192ms
[2024-03-17T15:07:35.986+0000][3.804s] GC(3) Pause Cleanup
[2024-03-17T15:07:35.987+0000][3.805s] GC(3) Pause Cleanup 25M->25M(512M) 0.703ms
[2024-03-17T15:07:35.987+0000][3.805s] GC(3) User=0.00s Sys=0.00s Real=0.00s
[2024-03-17T15:07:35.988+0000][3.805s] GC(3) Concurrent Cleanup for Next Mark
[2024-03-17T15:07:35.989+0000][3.806s] GC(3) Concurrent Cleanup for Next Mark 1.222ms
[2024-03-17T15:07:35.990+0000][3.807s] GC(3) Concurrent Mark Cycle 27.107ms
[2024-03-17T15:07:37.736+0000][5.553s] GC(4) Pause Young (Prepare Mixed) (G1 Evacuation Pause)
[2024-03-17T15:07:37.736+0000][5.554s] GC(4) Using 10 workers of 10 for evacuation
[2024-03-17T15:07:37.743+0000][5.560s] GC(4)   Pre Evacuate Collection Set: 0.4ms
[2024-03-17T15:07:37.743+0000][5.561s] GC(4)   Merge Heap Roots: 0.3ms
[2024-03-17T15:07:37.744+0000][5.561s] GC(4)   Evacuate Collection Set: 3.7ms
[2024-03-17T15:07:37.744+0000][5.561s] GC(4)   Post Evacuate Collection Set: 1.8ms
[2024-03-17T15:07:37.744+0000][5.562s] GC(4)   Other: 1.1ms
[2024-03-17T15:07:37.744+0000][5.562s] GC(4) Eden regions: 75->0(18)
[2024-03-17T15:07:37.745+0000][5.562s] GC(4) Survivor regions: 2->7(10)
[2024-03-17T15:07:37.745+0000][5.562s] GC(4) Old regions: 18->18
[2024-03-17T15:07:37.745+0000][5.562s] GC(4) Archive regions: 2->2
[2024-03-17T15:07:37.745+0000][5.563s] GC(4) Humongous regions: 4->4
[2024-03-17T15:07:37.746+0000][5.563s] GC(4) Metaspace: 33284K(33664K)->33284K(33664K) NonClass: 29136K(29376K)->29136K(29376K) Class: 4147K(4288K)->4147K(4288K)
[2024-03-17T15:07:37.746+0000][5.563s] GC(4) Pause Young (Prepare Mixed) (G1 Evacuation Pause) 99M->28M(512M) 10.157ms
[2024-03-17T15:07:37.746+0000][5.564s] GC(4) User=0.03s Sys=0.01s Real=0.01s
[2024-03-17T15:07:38.181+0000][5.998s] GC(5) Pause Young (Mixed) (G1 Evacuation Pause)
[2024-03-17T15:07:38.181+0000][5.999s] GC(5) Using 10 workers of 10 for evacuation
[2024-03-17T15:07:38.187+0000][6.005s] GC(5)   Pre Evacuate Collection Set: 0.3ms
[2024-03-17T15:07:38.188+0000][6.005s] GC(5)   Merge Heap Roots: 0.2ms
[2024-03-17T15:07:38.188+0000][6.006s] GC(5)   Evacuate Collection Set: 3.8ms
[2024-03-17T15:07:38.189+0000][6.006s] GC(5)   Post Evacuate Collection Set: 1.2ms
[2024-03-17T15:07:38.189+0000][6.006s] GC(5)   Other: 0.9ms
[2024-03-17T15:07:38.189+0000][6.007s] GC(5) Eden regions: 18->0(305)
[2024-03-17T15:07:38.190+0000][6.007s] GC(5) Survivor regions: 7->2(4)
[2024-03-17T15:07:38.190+0000][6.007s] GC(5) Old regions: 18->24
[2024-03-17T15:07:38.190+0000][6.008s] GC(5) Archive regions: 2->2
[2024-03-17T15:07:38.191+0000][6.008s] GC(5) Humongous regions: 4->4
[2024-03-17T15:07:38.191+0000][6.008s] GC(5) Metaspace: 35489K(35904K)->35489K(35904K) NonClass: 31028K(31232K)->31028K(31232K) Class: 4460K(4672K)->4460K(4672K)
[2024-03-17T15:07:38.191+0000][6.008s] GC(5) Pause Young (Mixed) (G1 Evacuation Pause) 46M->30M(512M) 10.024ms
[2024-03-17T15:07:38.191+0000][6.009s] GC(5) User=0.03s Sys=0.00s Real=0.01s
[2024-03-17T15:07:38.209+0000][6.026s] GC(6) Pause Young (Concurrent Start) (Metadata GC Threshold)
[2024-03-17T15:07:38.209+0000][6.026s] GC(6) Using 10 workers of 10 for evacuation
[2024-03-17T15:07:38.213+0000][6.030s] GC(6)   Pre Evacuate Collection Set: 0.3ms
[2024-03-17T15:07:38.213+0000][6.030s] GC(6)   Merge Heap Roots: 0.3ms
[2024-03-17T15:07:38.213+0000][6.031s] GC(6)   Evacuate Collection Set: 1.7ms
[2024-03-17T15:07:38.214+0000][6.031s] GC(6)   Post Evacuate Collection Set: 0.9ms
[2024-03-17T15:07:38.214+0000][6.031s] GC(6)   Other: 0.7ms
[2024-03-17T15:07:38.214+0000][6.031s] GC(6) Eden regions: 2->0(305)
[2024-03-17T15:07:38.214+0000][6.032s] GC(6) Survivor regions: 2->2(39)
[2024-03-17T15:07:38.214+0000][6.032s] GC(6) Old regions: 24->24
[2024-03-17T15:07:38.215+0000][6.032s] GC(6) Archive regions: 2->2
[2024-03-17T15:07:38.215+0000][6.032s] GC(6) Humongous regions: 4->4
[2024-03-17T15:07:38.215+0000][6.032s] GC(6) Metaspace: 35691K(36096K)->35691K(36096K) NonClass: 31204K(31360K)->31204K(31360K) Class: 4486K(4736K)->4486K(4736K)
[2024-03-17T15:07:38.215+0000][6.033s] GC(6) Pause Young (Concurrent Start) (Metadata GC Threshold) 31M->29M(512M) 6.536ms
[2024-03-17T15:07:38.215+0000][6.033s] GC(6) User=0.01s Sys=0.00s Real=0.01s
[2024-03-17T15:07:38.216+0000][6.033s] GC(7) Concurrent Mark Cycle
[2024-03-17T15:07:38.216+0000][6.034s] GC(7) Concurrent Clear Claimed Marks
[2024-03-17T15:07:38.217+0000][6.034s] GC(7) Concurrent Clear Claimed Marks 0.421ms
[2024-03-17T15:07:38.217+0000][6.034s] GC(7) Concurrent Scan Root Regions
[2024-03-17T15:07:38.218+0000][6.036s] GC(7) Concurrent Scan Root Regions 1.549ms
[2024-03-17T15:07:38.219+0000][6.036s] GC(7) Concurrent Mark
[2024-03-17T15:07:38.219+0000][6.037s] GC(7) Concurrent Mark From Roots
[2024-03-17T15:07:38.220+0000][6.037s] GC(7) Using 3 workers of 3 for marking
[2024-03-17T15:07:38.234+0000][6.052s] GC(7) Concurrent Mark From Roots 14.965ms
[2024-03-17T15:07:38.235+0000][6.052s] GC(7) Concurrent Preclean
[2024-03-17T15:07:38.235+0000][6.052s] GC(7) Concurrent Preclean 0.351ms
[2024-03-17T15:07:38.236+0000][6.053s] GC(7) Pause Remark
[2024-03-17T15:07:38.239+0000][6.056s] GC(7) Pause Remark 32M->32M(512M) 3.326ms
[2024-03-17T15:07:38.239+0000][6.057s] GC(7) User=0.01s Sys=0.00s Real=0.00s
[2024-03-17T15:07:38.240+0000][6.057s] GC(7) Concurrent Mark 20.705ms
[2024-03-17T15:07:38.240+0000][6.057s] GC(7) Concurrent Rebuild Remembered Sets
[2024-03-17T15:07:38.246+0000][6.064s] GC(7) Concurrent Rebuild Remembered Sets 6.091ms
[2024-03-17T15:07:38.247+0000][6.065s] GC(7) Pause Cleanup
[2024-03-17T15:07:38.248+0000][6.065s] GC(7) Pause Cleanup 32M->32M(512M) 0.901ms
[2024-03-17T15:07:38.248+0000][6.066s] GC(7) User=0.00s Sys=0.00s Real=0.00s
[2024-03-17T15:07:38.249+0000][6.066s] GC(7) Concurrent Cleanup for Next Mark
[2024-03-17T15:07:38.250+0000][6.067s] GC(7) Concurrent Cleanup for Next Mark 1.101ms
[2024-03-17T15:07:38.250+0000][6.068s] GC(7) Concurrent Mark Cycle 34.629ms
[2024-03-17T15:29:32.582+0000][1320.416s] Heap
[2024-03-17T15:29:32.583+0000][1320.416s]  garbage-first heap   total 524288K, used 197484K [0x00000000e0000000, 0x0000000100000000)
[2024-03-17T15:29:32.583+0000][1320.417s]   region size 1024K, 166 young (169984K), 2 survivors (2048K)
[2024-03-17T15:29:32.584+0000][1320.417s]  Metaspace       used 52452K, committed 52992K, reserved 1114112K
[2024-03-17T15:29:32.584+0000][1320.417s]   class space    used 6790K, committed 7040K, reserved 1048576K
