[2024-03-17T10:25:41.171+0000][0.028s] Using G1
[2024-03-17T10:25:41.239+0000][0.096s] Version: 17.0.10+7 (release)
[2024-03-17T10:25:41.240+0000][0.096s] CPUs: 12 total, 12 available
[2024-03-17T10:25:41.240+0000][0.097s] Memory: 7627M
[2024-03-17T10:25:41.240+0000][0.097s] Large Page Support: Disabled
[2024-03-17T10:25:41.241+0000][0.097s] NUMA Support: Disabled
[2024-03-17T10:25:41.241+0000][0.098s] Compressed Oops: Enabled (32-bit)
[2024-03-17T10:25:41.241+0000][0.098s] Heap Region Size: 1M
[2024-03-17T10:25:41.241+0000][0.098s] Heap Min Capacity: 512M
[2024-03-17T10:25:41.242+0000][0.098s] Heap Initial Capacity: 512M
[2024-03-17T10:25:41.243+0000][0.099s] Heap Max Capacity: 512M
[2024-03-17T10:25:41.243+0000][0.099s] Pre-touch: Enabled
[2024-03-17T10:25:41.243+0000][0.100s] Parallel Workers: 10
[2024-03-17T10:25:41.243+0000][0.100s] Concurrent Workers: 3
[2024-03-17T10:25:41.243+0000][0.100s] Concurrent Refinement Workers: 10
[2024-03-17T10:25:41.244+0000][0.100s] Periodic GC: Disabled
[2024-03-17T10:25:41.257+0000][0.114s] CDS archive(s) mapped at: [0x00007f8aaf000000-0x00007f8aafa5f000-0x00007f8aafa5f000), size 10874880, SharedBaseAddress: 0x00007f8aaf000000, ArchiveRelocationMode: 1.
[2024-03-17T10:25:41.257+0000][0.114s] Compressed class space mapped at: 0x00007f8ab0000000-0x00007f8af0000000, reserved size: 1073741824
[2024-03-17T10:25:41.258+0000][0.114s] Narrow klass base: 0x00007f8aaf000000, Narrow klass shift: 0, Narrow klass range: 0x100000000
[2024-03-17T10:25:42.630+0000][1.486s] GC(0) Pause Young (Normal) (G1 Evacuation Pause)
[2024-03-17T10:25:42.630+0000][1.487s] GC(0) Using 10 workers of 10 for evacuation
[2024-03-17T10:25:42.637+0000][1.494s] GC(0)   Pre Evacuate Collection Set: 0.4ms
[2024-03-17T10:25:42.638+0000][1.494s] GC(0)   Merge Heap Roots: 0.4ms
[2024-03-17T10:25:42.638+0000][1.494s] GC(0)   Evacuate Collection Set: 3.5ms
[2024-03-17T10:25:42.638+0000][1.495s] GC(0)   Post Evacuate Collection Set: 1.7ms
[2024-03-17T10:25:42.638+0000][1.495s] GC(0)   Other: 1.5ms
[2024-03-17T10:25:42.638+0000][1.495s] GC(0) Eden regions: 29->0(57)
[2024-03-17T10:25:42.639+0000][1.495s] GC(0) Survivor regions: 0->4(4)
[2024-03-17T10:25:42.639+0000][1.495s] GC(0) Old regions: 0->1
[2024-03-17T10:25:42.639+0000][1.496s] GC(0) Archive regions: 2->2
[2024-03-17T10:25:42.639+0000][1.496s] GC(0) Humongous regions: 0->0
[2024-03-17T10:25:42.639+0000][1.496s] GC(0) Metaspace: 9995K(10240K)->9995K(10240K) NonClass: 8752K(8832K)->8752K(8832K) Class: 1242K(1408K)->1242K(1408K)
[2024-03-17T10:25:42.640+0000][1.496s] GC(0) Pause Young (Normal) (G1 Evacuation Pause) 29M->5M(512M) 9.961ms
[2024-03-17T10:25:42.640+0000][1.497s] GC(0) User=0.04s Sys=0.01s Real=0.01s
[2024-03-17T10:25:43.605+0000][2.462s] GC(1) Pause Young (Normal) (G1 Evacuation Pause)
[2024-03-17T10:25:43.606+0000][2.462s] GC(1) Using 10 workers of 10 for evacuation
[2024-03-17T10:25:43.613+0000][2.470s] GC(1)   Pre Evacuate Collection Set: 0.3ms
[2024-03-17T10:25:43.613+0000][2.470s] GC(1)   Merge Heap Roots: 0.3ms
[2024-03-17T10:25:43.614+0000][2.470s] GC(1)   Evacuate Collection Set: 5.2ms
[2024-03-17T10:25:43.614+0000][2.471s] GC(1)   Post Evacuate Collection Set: 1.3ms
[2024-03-17T10:25:43.614+0000][2.471s] GC(1)   Other: 0.7ms
[2024-03-17T10:25:43.614+0000][2.471s] GC(1) Eden regions: 55->0(176)
[2024-03-17T10:25:43.615+0000][2.471s] GC(1) Survivor regions: 4->8(8)
[2024-03-17T10:25:43.615+0000][2.471s] GC(1) Old regions: 1->9
[2024-03-17T10:25:43.615+0000][2.472s] GC(1) Archive regions: 2->2
[2024-03-17T10:25:43.615+0000][2.472s] GC(1) Humongous regions: 4->4
[2024-03-17T10:25:43.616+0000][2.472s] GC(1) Metaspace: 17938K(18240K)->17938K(18240K) NonClass: 15722K(15936K)->15722K(15936K) Class: 2215K(2304K)->2215K(2304K)
[2024-03-17T10:25:43.616+0000][2.472s] GC(1) Pause Young (Normal) (G1 Evacuation Pause) 64M->21M(512M) 10.415ms
[2024-03-17T10:25:43.616+0000][2.473s] GC(1) User=0.05s Sys=0.00s Real=0.01s
[2024-03-17T10:25:44.096+0000][2.953s] GC(2) Pause Young (Concurrent Start) (Metadata GC Threshold)
[2024-03-17T10:25:44.097+0000][2.953s] GC(2) Using 10 workers of 10 for evacuation
[2024-03-17T10:25:44.103+0000][2.960s] GC(2)   Pre Evacuate Collection Set: 0.3ms
[2024-03-17T10:25:44.104+0000][2.960s] GC(2)   Merge Heap Roots: 0.3ms
[2024-03-17T10:25:44.104+0000][2.961s] GC(2)   Evacuate Collection Set: 4.1ms
[2024-03-17T10:25:44.104+0000][2.961s] GC(2)   Post Evacuate Collection Set: 1.2ms
[2024-03-17T10:25:44.105+0000][2.961s] GC(2)   Other: 1.2ms
[2024-03-17T10:25:44.105+0000][2.962s] GC(2) Eden regions: 32->0(108)
[2024-03-17T10:25:44.105+0000][2.962s] GC(2) Survivor regions: 8->11(16)
[2024-03-17T10:25:44.105+0000][2.962s] GC(2) Old regions: 9->9
[2024-03-17T10:25:44.106+0000][2.962s] GC(2) Archive regions: 2->2
[2024-03-17T10:25:44.106+0000][2.963s] GC(2) Humongous regions: 4->4
[2024-03-17T10:25:44.107+0000][2.963s] GC(2) Metaspace: 21177K(21504K)->21177K(21504K) NonClass: 18558K(18688K)->18558K(18688K) Class: 2618K(2816K)->2618K(2816K)
[2024-03-17T10:25:44.107+0000][2.963s] GC(2) Pause Young (Concurrent Start) (Metadata GC Threshold) 52M->23M(512M) 10.709ms
[2024-03-17T10:25:44.107+0000][2.964s] GC(2) User=0.02s Sys=0.02s Real=0.01s
[2024-03-17T10:25:44.107+0000][2.964s] GC(3) Concurrent Mark Cycle
[2024-03-17T10:25:44.108+0000][2.964s] GC(3) Concurrent Clear Claimed Marks
[2024-03-17T10:25:44.108+0000][2.965s] GC(3) Concurrent Clear Claimed Marks 0.653ms
[2024-03-17T10:25:44.109+0000][2.965s] GC(3) Concurrent Scan Root Regions
[2024-03-17T10:25:44.111+0000][2.968s] GC(3) Concurrent Scan Root Regions 2.282ms
[2024-03-17T10:25:44.112+0000][2.968s] GC(3) Concurrent Mark
[2024-03-17T10:25:44.112+0000][2.968s] GC(3) Concurrent Mark From Roots
[2024-03-17T10:25:44.112+0000][2.969s] GC(3) Using 3 workers of 3 for marking
[2024-03-17T10:25:44.119+0000][2.975s] GC(3) Concurrent Mark From Roots 6.796ms
[2024-03-17T10:25:44.119+0000][2.976s] GC(3) Concurrent Preclean
[2024-03-17T10:25:44.120+0000][2.976s] GC(3) Concurrent Preclean 0.488ms
[2024-03-17T10:25:44.120+0000][2.977s] GC(3) Pause Remark
[2024-03-17T10:25:44.123+0000][2.980s] GC(3) Pause Remark 24M->24M(512M) 3.270ms
[2024-03-17T10:25:44.124+0000][2.980s] GC(3) User=0.01s Sys=0.00s Real=0.00s
[2024-03-17T10:25:44.124+0000][2.981s] GC(3) Concurrent Mark 12.686ms
[2024-03-17T10:25:44.124+0000][2.981s] GC(3) Concurrent Rebuild Remembered Sets
[2024-03-17T10:25:44.127+0000][2.984s] GC(3) Concurrent Rebuild Remembered Sets 2.950ms
[2024-03-17T10:25:44.128+0000][2.985s] GC(3) Pause Cleanup
[2024-03-17T10:25:44.129+0000][2.985s] GC(3) Pause Cleanup 25M->25M(512M) 0.759ms
[2024-03-17T10:25:44.129+0000][2.986s] GC(3) User=0.00s Sys=0.00s Real=0.01s
[2024-03-17T10:25:44.129+0000][2.986s] GC(3) Concurrent Cleanup for Next Mark
[2024-03-17T10:25:44.130+0000][2.987s] GC(3) Concurrent Cleanup for Next Mark 0.814ms
[2024-03-17T10:25:44.131+0000][2.987s] GC(3) Concurrent Mark Cycle 23.301ms
[2024-03-17T10:25:46.503+0000][5.360s] GC(4) Pause Young (Concurrent Start) (Metadata GC Threshold)
[2024-03-17T10:25:46.504+0000][5.360s] GC(4) Using 10 workers of 10 for evacuation
[2024-03-17T10:25:46.514+0000][5.371s] GC(4)   Pre Evacuate Collection Set: 0.4ms
[2024-03-17T10:25:46.514+0000][5.371s] GC(4)   Merge Heap Roots: 0.3ms
[2024-03-17T10:25:46.515+0000][5.371s] GC(4)   Evacuate Collection Set: 7.0ms
[2024-03-17T10:25:46.515+0000][5.372s] GC(4)   Post Evacuate Collection Set: 2.2ms
[2024-03-17T10:25:46.515+0000][5.372s] GC(4)   Other: 0.9ms
[2024-03-17T10:25:46.515+0000][5.372s] GC(4) Eden regions: 100->0(292)
[2024-03-17T10:25:46.516+0000][5.372s] GC(4) Survivor regions: 11->15(15)
[2024-03-17T10:25:46.516+0000][5.373s] GC(4) Old regions: 9->11
[2024-03-17T10:25:46.516+0000][5.373s] GC(4) Archive regions: 2->2
[2024-03-17T10:25:46.516+0000][5.373s] GC(4) Humongous regions: 4->4
[2024-03-17T10:25:46.517+0000][5.373s] GC(4) Metaspace: 35793K(36160K)->35793K(36160K) NonClass: 31308K(31488K)->31308K(31488K) Class: 4485K(4672K)->4485K(4672K)
[2024-03-17T10:25:46.517+0000][5.374s] GC(4) Pause Young (Concurrent Start) (Metadata GC Threshold) 123M->30M(512M) 13.761ms
[2024-03-17T10:25:46.517+0000][5.374s] GC(4) User=0.07s Sys=0.00s Real=0.01s
[2024-03-17T10:25:46.518+0000][5.374s] GC(5) Concurrent Mark Cycle
[2024-03-17T10:25:46.518+0000][5.375s] GC(5) Concurrent Clear Claimed Marks
[2024-03-17T10:25:46.519+0000][5.375s] GC(5) Concurrent Clear Claimed Marks 0.546ms
[2024-03-17T10:25:46.519+0000][5.376s] GC(5) Concurrent Scan Root Regions
[2024-03-17T10:25:46.523+0000][5.380s] GC(5) Concurrent Scan Root Regions 4.110ms
[2024-03-17T10:25:46.524+0000][5.381s] GC(5) Concurrent Mark
[2024-03-17T10:25:46.524+0000][5.381s] GC(5) Concurrent Mark From Roots
[2024-03-17T10:25:46.525+0000][5.381s] GC(5) Using 3 workers of 3 for marking
[2024-03-17T10:25:46.533+0000][5.389s] GC(5) Concurrent Mark From Roots 8.467ms
[2024-03-17T10:25:46.533+0000][5.390s] GC(5) Concurrent Preclean
[2024-03-17T10:25:46.534+0000][5.390s] GC(5) Concurrent Preclean 0.521ms
[2024-03-17T10:25:46.535+0000][5.391s] GC(5) Pause Remark
[2024-03-17T10:25:46.539+0000][5.395s] GC(5) Pause Remark 31M->31M(512M) 4.098ms
[2024-03-17T10:25:46.539+0000][5.396s] GC(5) User=0.03s Sys=0.02s Real=0.01s
[2024-03-17T10:25:46.540+0000][5.396s] GC(5) Concurrent Mark 15.759ms
[2024-03-17T10:25:46.540+0000][5.397s] GC(5) Concurrent Rebuild Remembered Sets
[2024-03-17T10:25:46.544+0000][5.401s] GC(5) Concurrent Rebuild Remembered Sets 4.331ms
[2024-03-17T10:25:46.545+0000][5.402s] GC(5) Pause Cleanup
[2024-03-17T10:25:46.546+0000][5.402s] GC(5) Pause Cleanup 32M->32M(512M) 0.722ms
[2024-03-17T10:25:46.546+0000][5.403s] GC(5) User=0.00s Sys=0.00s Real=0.00s
[2024-03-17T10:25:46.547+0000][5.403s] GC(5) Concurrent Cleanup for Next Mark
[2024-03-17T10:25:46.548+0000][5.404s] GC(5) Concurrent Cleanup for Next Mark 1.217ms
[2024-03-17T10:25:46.548+0000][5.405s] GC(5) Concurrent Mark Cycle 30.718ms
[2024-03-17T10:36:11.077+0000][629.942s] Heap
[2024-03-17T10:36:11.078+0000][629.943s]  garbage-first heap   total 524288K, used 238682K [0x00000000e0000000, 0x0000000100000000)
[2024-03-17T10:36:11.078+0000][629.943s]   region size 1024K, 219 young (224256K), 15 survivors (15360K)
[2024-03-17T10:36:11.078+0000][629.943s]  Metaspace       used 54016K, committed 54528K, reserved 1114112K
[2024-03-17T10:36:11.078+0000][629.943s]   class space    used 6926K, committed 7168K, reserved 1048576K
